Some divided text

### Heading

* Option 1
* Option 2
