* Option 1
  * sub-option 1
  * sub-option 2
* Option 2
