### The task description

> Originally reported issue in Jira [OA-123](https://example.atlassian.net/browse/OA-123)
