Affected:
Relates to changes: https://example.com

> Originally reported issue in Jira [OA-123](https://example.atlassian.net/browse/OA-123)
